File "expr_integer_literal_binary.ml", line 1, characters 39-150:
1 | let invalid_integer_literal = [%yojson 0b1111111111111111111111111111111111111111111111111111111111111111111111111111111111111111111111111111111111111]
                                           ^^^^^^^^^^^^^^^^^^^^^^^^^^^^^^^^^^^^^^^^^^^^^^^^^^^^^^^^^^^^^^^^^^^^^^^^^^^^^^^^^^^^^^^^^^^^^^^^^^^^^^^^^^^^^^^
Error: ppx_yojson: unsupported payload
