File "pat_integer_literal_binary.ml", line 2, characters 14-125:
2 |   | [%yojson? 0b1111111111111111111111111111111111111111111111111111111111111111111111111111111111111111111111111111111111111] -> false
                  ^^^^^^^^^^^^^^^^^^^^^^^^^^^^^^^^^^^^^^^^^^^^^^^^^^^^^^^^^^^^^^^^^^^^^^^^^^^^^^^^^^^^^^^^^^^^^^^^^^^^^^^^^^^^^^^
Error: ppx_yojson: unsupported payload
